// Jest Snapshot v1, https://goo.gl/fbAQLP

exports[`<Cite /> should render correctly. 1`] = `
<Cite>
  <cite
    className={undefined}
    data-radium={true}
    style={
      Object {
        "color": "#ee0",
      }
    }
  >
    - 
    Someone
  </cite>
</Cite>
`;
