// Jest Snapshot v1, https://goo.gl/fbAQLP

exports[`<CodePane /> should render correctly. 1`] = `
<CodePane
  className=""
  contentEditable={false}
  lang="jsx"
  source="
      const myButton = (
        <CustomButton
          style={{ background: '#f00' }}
          onClick={this.action}
        >
         Click Me
        </CustomButton>
      );
    "
  theme="dark"
>
  <Styled(div)
    className=""
    styles={
      Array [
        undefined,
        Object {},
        undefined,
      ]
    }
  >
    <div
      className="css-0"
    >
      <Styled(Editor)
        code="
            const myButton = (
              <CustomButton
                style={{ background: '#f00' }}
                onClick={this.action}
              >
               Click Me
              </CustomButton>
            );
          "
        contentEditable={false}
        language="jsx"
        onClick={[Function]}
        onKeyDown={[Function]}
        onKeyUp={[Function]}
        styles={
          Array [
            undefined,
            "base;",
            "dark;",
          ]
        }
      >
        <Editor
          className="css-sz0c5i"
          code="
              const myButton = (
                <CustomButton
                  style={{ background: '#f00' }}
                  onClick={this.action}
                >
                 Click Me
                </CustomButton>
              );
            "
          contentEditable={false}
          language="jsx"
          onClick={[Function]}
          onKeyDown={[Function]}
          onKeyUp={[Function]}
          styles={
            Array [
              undefined,
              "base;",
              "dark;",
            ]
          }
        >
          <pre
            className="prism-code css-sz0c5i"
            contentEditable={false}
            dangerouslySetInnerHTML={
              Object {
                "__html": "
                    <span class=\\"token keyword\\">const</span> myButton <span class=\\"token operator\\">=</span> <span class=\\"token punctuation\\">(</span>
                      <span class=\\"token tag\\"><span class=\\"token tag\\"><span class=\\"token punctuation\\">&lt;</span>CustomButton</span>
                        <span class=\\"token attr-name\\">style</span><span class=\\"token script language-javascript\\"><span class=\\"token punctuation\\">=</span><span class=\\"token punctuation\\">{</span><span class=\\"token punctuation\\">{</span> background<span class=\\"token punctuation\\">:</span> <span class=\\"token string\\">'#f00'</span> <span class=\\"token punctuation\\">}</span><span class=\\"token punctuation\\">}</span></span>
                        <span class=\\"token attr-name\\">onClick</span><span class=\\"token script language-javascript\\"><span class=\\"token punctuation\\">=</span><span class=\\"token punctuation\\">{</span><span class=\\"token keyword\\">this</span><span class=\\"token punctuation\\">.</span>action<span class=\\"token punctuation\\">}</span></span>
                      <span class=\\"token punctuation\\">></span></span>
                       Click Me
                      <span class=\\"token tag\\"><span class=\\"token tag\\"><span class=\\"token punctuation\\">&lt;/</span>CustomButton</span><span class=\\"token punctuation\\">></span></span>
                    <span class=\\"token punctuation\\">)</span><span class=\\"token punctuation\\">;</span>
                  ",
              }
            }
            onClick={undefined}
            onKeyDown={undefined}
            onKeyUp={undefined}
            spellCheck="false"
            style={undefined}
            styles={
              Array [
                undefined,
                "base;",
                "dark;",
              ]
            }
          />
        </Editor>
      </Styled(Editor)>
    </div>
  </Styled(div)>
</CodePane>
`;
