// Jest Snapshot v1, https://goo.gl/fbAQLP

exports[`<ListItem /> should render correctly 1`] = `
<ListItem>
  <li
    className={undefined}
    data-radium={true}
    style={
      Object {
        "color": "#ff0",
      }
    }
  >
    Dog
  </li>
</ListItem>
`;
