// Jest Snapshot v1, https://goo.gl/fbAQLP

exports[`<TableHeaderItem /> should render correctly 1`] = `
<TableHeaderItem>
  <td
    className={undefined}
    data-radium={true}
    style={
      Object {
        "color": "#e01",
      }
    }
  >
    Header Text
  </td>
</TableHeaderItem>
`;
