// Jest Snapshot v1, https://goo.gl/fbAQLP

exports[`<TableItem /> should render correctly 1`] = `
<TableItem>
  <td
    className={undefined}
    data-radium={true}
    style={
      Object {
        "color": "#444",
      }
    }
  >
    Table Item Content
  </td>
</TableItem>
`;
